I'm sorry, but errors were detected in your script. Please correct the
errors listed below, and try again.


File "game/screens.rpy", line 355: style property add is not known.
    add "menuvideo"
       ^

Ren'Py Version: Ren'Py 8.1.3.23091805
Mon Dec 25 22:00:24 2023
